// Jest Snapshot v1, https://goo.gl/fbAQLP

exports[`Disclose Component  renders correctly 1`] = `
<withHandlers(Disclose)
  isOpen={false}
  title="Some title"
  toggle={[Function]}
>
   
  <div>
    disclose this
  </div>
   
</withHandlers(Disclose)>
`;
