// Jest Snapshot v1, https://goo.gl/fbAQLP

exports[`components/Button should render as a div if isLink is true 1`] = `
<Button
  isDisabled={false}
  isLink={true}
  isLoading={false}
  isSubmit={false}
  loadingText=""
  onBlur={[Function]}
  onClick={[Function]}
  onMouseDown={[Function]}
  width="default"
>
  <div
    className="oui-button oui-button--default"
    data-oui-component={true}
    disabled={false}
    onBlur={[Function]}
  >
    Faux Button
  </div>
</Button>
`;
